[INFO] Scanning for projects...
[INFO] 
[INFO] -------------------------< com.example:nexus >--------------------------
[INFO] Building Nexus 0.0.1-SNAPSHOT
[INFO]   from pom.xml
[INFO] --------------------------------[ jar ]---------------------------------
[INFO] 
[INFO] --- clean:3.4.0:clean (default-clean) @ nexus ---
[INFO] Deleting C:\Users\NIBIN G VARGHESE\.gemini\antigravity\scratch\nexus\target
[INFO] 
[INFO] --- resources:3.3.1:resources (default-resources) @ nexus ---
[INFO] Copying 2 resources from src\main\resources to target\classes
[INFO] Copying 0 resource from src\main\resources to target\classes
[INFO] 
[INFO] --- compiler:3.13.0:compile (default-compile) @ nexus ---
[INFO] Recompiling the module because of changed source code.
[INFO] Compiling 3 source files with javac [debug parameters release 21] to target\classes
[INFO] -------------------------------------------------------------
[ERROR] COMPILATION ERROR : 
[INFO] -------------------------------------------------------------
[ERROR] /C:/Users/NIBIN G VARGHESE/.gemini/antigravity/scratch/nexus/src/main/java/com/example/nexus/service/NexusChatService.java:[13,8] duplicate class: NexusChatService
[ERROR] /C:/Users/NIBIN G VARGHESE/.gemini/antigravity/scratch/nexus/src/main/java/com/example/nexus/controller/NexusChatController.java:[3,33] cannot access com.example.nexus.service.NexusChatService
  bad source file: C:\Users\NIBIN G VARGHESE\.gemini\antigravity\scratch\nexus\src\main\java\com\example\nexus\service\NexusChatService.java
    file does not contain class com.example.nexus.service.NexusChatService
    Please remove or make sure it appears in the correct subdirectory of the sourcepath.
[ERROR] /C:/Users/NIBIN G VARGHESE/.gemini/antigravity/scratch/nexus/src/main/java/com/example/nexus/controller/NexusChatController.java:[11,19] cannot find symbol
  symbol:   class NexusChatService
  location: class com.example.nexus.controller.NexusChatController
[ERROR] /C:/Users/NIBIN G VARGHESE/.gemini/antigravity/scratch/nexus/src/main/java/com/example/nexus/controller/NexusChatController.java:[13,32] cannot find symbol
  symbol:   class NexusChatService
  location: class com.example.nexus.controller.NexusChatController
[INFO] 4 errors 
[INFO] -------------------------------------------------------------
[INFO] ------------------------------------------------------------------------
[INFO] BUILD FAILURE
[INFO] ------------------------------------------------------------------------
[INFO] Total time:  2.713 s
[INFO] Finished at: 2026-02-14T14:14:39+05:30
[INFO] ------------------------------------------------------------------------
[ERROR] Failed to execute goal org.apache.maven.plugins:maven-compiler-plugin:3.13.0:compile (default-compile) on project nexus: Compilation failure: Compilation failure: 
[ERROR] /C:/Users/NIBIN G VARGHESE/.gemini/antigravity/scratch/nexus/src/main/java/com/example/nexus/service/NexusChatService.java:[13,8] duplicate class: NexusChatService
[ERROR] /C:/Users/NIBIN G VARGHESE/.gemini/antigravity/scratch/nexus/src/main/java/com/example/nexus/controller/NexusChatController.java:[3,33] cannot access com.example.nexus.service.NexusChatService
[ERROR]   bad source file: C:\Users\NIBIN G VARGHESE\.gemini\antigravity\scratch\nexus\src\main\java\com\example\nexus\service\NexusChatService.java
[ERROR]     file does not contain class com.example.nexus.service.NexusChatService
[ERROR]     Please remove or make sure it appears in the correct subdirectory of the sourcepath.
[ERROR] /C:/Users/NIBIN G VARGHESE/.gemini/antigravity/scratch/nexus/src/main/java/com/example/nexus/controller/NexusChatController.java:[11,19] cannot find symbol
[ERROR]   symbol:   class NexusChatService
[ERROR]   location: class com.example.nexus.controller.NexusChatController
[ERROR] /C:/Users/NIBIN G VARGHESE/.gemini/antigravity/scratch/nexus/src/main/java/com/example/nexus/controller/NexusChatController.java:[13,32] cannot find symbol
[ERROR]   symbol:   class NexusChatService
[ERROR]   location: class com.example.nexus.controller.NexusChatController
[ERROR] -> [Help 1]
[ERROR] 
[ERROR] To see the full stack trace of the errors, re-run Maven with the -e switch.
[ERROR] Re-run Maven using the -X switch to enable full debug logging.
[ERROR] 
[ERROR] For more information about the errors and possible solutions, please read the following articles:
[ERROR] [Help 1] http://cwiki.apache.org/confluence/display/MAVEN/MojoFailureException
