[INFO] Scanning for projects...
[INFO] 
[INFO] -------------------------< com.example:nexus >--------------------------
[INFO] Building Nexus 0.0.1-SNAPSHOT
[INFO]   from pom.xml
[INFO] --------------------------------[ jar ]---------------------------------
[INFO] 
[INFO] --- resources:3.3.1:resources (default-resources) @ nexus ---
[INFO] Copying 2 resources from src\main\resources to target\classes
[INFO] Copying 1 resource from src\main\resources to target\classes
[INFO] 
[INFO] --- compiler:3.13.0:compile (default-compile) @ nexus ---
[INFO] Nothing to compile - all classes are up to date.
[INFO] ------------------------------------------------------------------------
[INFO] BUILD SUCCESS
[INFO] ------------------------------------------------------------------------
[INFO] Total time:  1.681 s
[INFO] Finished at: 2026-02-15T18:35:08+05:30
[INFO] ------------------------------------------------------------------------
